// Jest Snapshot v1, https://goo.gl/fbAQLP

exports[`renders correctly 1`] = `
<View
  style={
    Array [
      Object {
        "alignItems": "center",
        "backgroundColor": "#F8F8F8",
        "elevation": 2,
        "justifyContent": "center",
        "shadowColor": "#000",
        "shadowOffset": Object {
          "height": 2,
          "width": 0,
        },
        "shadowOpacity": 0.2,
      },
      Object {
        "height": 40,
        "position": "relative",
      },
    ]
  }
>
  <Text
    accessible={true}
    allowFontScaling={true}
    ellipsizeMode="tail"
    style={
      Object {
        "color": "darkgrey",
        "fontSize": 20,
      }
    }
  >
    News
  </Text>
</View>
`;
